INFO:__main__:[LISTENING] on server 129.74.154.215
INFO:__main__:Waiting for drone to request SAM public key
INFO:__main__:Request received
{
   "request_type": "public_key",
   "requester": "lime@notredame",
   "identity": "manager@SAM",
   "auth_token": "<some form of authentication>"
}
INFO:__main__:[CONNECTED] to drone at ('129.74.154.215', 36904)
INFO:__main__:[SENDING] encryption params to lime@notredame
INFO:__main__:Request received
{
   "request_type": "private_key",
   "requester": "manager@SAM",
   "identity": "manager@SAM",
   "auth_token": "<some form of authentication>"
}
INFO:__main__:[CONNECTED] to SAM at ('129.74.154.215', 36906)
INFO:__main__:[SENDING] decryption params to manager@SAM
INFO:__main__:Request received
{
   "request_type": "public_key",
   "requester": "blue@notredame",
   "identity": "manager@SAM",
   "auth_token": "<some form of authentication>"
}
INFO:__main__:[CONNECTED] to drone at ('129.74.154.215', 51382)
INFO:__main__:[SENDING] encryption params to blue@notredame
INFO:__main__:Request received
{
   "request_type": "private_key",
   "requester": "manager@SAM",
   "identity": "manager@SAM",
   "auth_token": "<some form of authentication>"
}
INFO:__main__:[CONNECTED] to SAM at ('129.74.154.215', 51398)
INFO:__main__:[SENDING] decryption params to manager@SAM
