INFO:__main__:[LISTENING] on server 129.74.154.215
INFO:__main__:Waiting for Drone to connect
INFO:__main__:[CONNECTED] with drone 129.74.154.215
INFO:__main__:C1: (6288 : 8580 : 1)
C2: 1101100101101001010010100111010001111100101111010000010000001101011100001011000101110111011101101000010101111110110110001111101110101111110110011010010011100100110011110010001000110101001100110100111011111000010000110011100010011100111001111100011001100001011001010010000111001101010000000010111000101010000010100101111110101011001011001111111011101110111011010110110001011011101001100011111100110001011110011100000010101010011011000011000111110100011110011100110101011101100010000011100010001010100010111110111101000101111000010111101111000101010010101100100
INFO:__main__:[CONNECTED] to KGA server
INFO:__main__:[SENDING] request to KGA for private key
INFO:__main__:[RECEIVED] private key info from KGA
INFO:__main__:[CLOSED] KGA socket
INFO:__main__:------------
Decrypted apar file
INFO:__main__:{
   "mission_id": "ID_HASH",
   "id": "lime@notredame",
   "signature": "HASH"
}
INFO:__main__:[CHECKING] environment conditions
INFO:__main__:[CHECKING] wind level: 1
INFO:__main__:[CHECKING] drone experience with DRP file
INFO:__main__:[SIGNING] the feedback
INFO:__main__:[SENDING] signed feedback to drone
INFO:__main__:[CONNECTED] with drone 129.74.154.215
INFO:__main__:C1: (3617 : 2844 : 1)
C2: 1101100101101001010010100111010001111100101111010000010000001101011100001011000101110111011101101000010101111110110110001111101110101111110110011010010011100100110011110010001000110101001100110100111011111000010000110011100010011100111001111100011001100001011001010011110111000111011100000010111000101010000010100101111110101011001011001111111011101110111011010110110001011011101001100011111100110001011110011100000010101010011011000011000111110100011110011100110101011101100010000011100010001010100010111110111101000101111000010111101111000101010010101100100
INFO:__main__:[CONNECTED] to KGA server
INFO:__main__:[SENDING] request to KGA for private key
INFO:__main__:[RECEIVED] private key info from KGA
INFO:__main__:[CLOSED] KGA socket
INFO:__main__:------------
Decrypted apar file
INFO:__main__:{
   "mission_id": "ID_HASH",
   "id": "blue@notredame",
   "signature": "HASH"
}
INFO:__main__:[CHECKING] environment conditions
INFO:__main__:[CHECKING] wind level: 1
INFO:__main__:[CHECKING] drone experience with DRP file
INFO:__main__:[SIGNING] the feedback
INFO:__main__:[SENDING] signed feedback to drone
